
============================================================
  dataset    : mouse
  out_dir    : /home/smohebi/dimensionality_reduction/openTSNE/results/mouse_gamma_tsne
  perplexity : 30
  gamma_s/h  : 0.7 / 1.5
  n_runs     : 5
  plot_only  : False
============================================================

Loading mouse cortex from data/tasic2018.pickle ...
  n=23822  d=50
Building base affinities (ρ=30) ...

--- Exp 1: Affinity row sharpness ---
    Saved: /home/smohebi/dimensionality_reduction/openTSNE/results/mouse_gamma_tsne/exp1_affinity_sharpness/01a_affinity_standard.png
    Saved: /home/smohebi/dimensionality_reduction/openTSNE/results/mouse_gamma_tsne/exp1_affinity_sharpness/01b_affinity_smooth.png
  Exp 1 done → /home/smohebi/dimensionality_reduction/openTSNE/results/mouse_gamma_tsne/exp1_affinity_sharpness

--- Exp 2a: Effective perplexity distribution ---
    Saved: /home/smohebi/dimensionality_reduction/openTSNE/results/mouse_gamma_tsne/exp2_eff_perplexity/02a_eff_perp.png
  Exp 2a done → /home/smohebi/dimensionality_reduction/openTSNE/results/mouse_gamma_tsne/exp2_eff_perplexity

--- Exp 3: Δρ correlations ---
    Saved: /home/smohebi/dimensionality_reduction/openTSNE/results/mouse_gamma_tsne/exp3_delta_perp/03a_delta_rho_vs_top5.png
    Saved: /home/smohebi/dimensionality_reduction/openTSNE/results/mouse_gamma_tsne/exp3_delta_perp/03b_delta_rho_vs_sigma.png
  Exp 3 done → /home/smohebi/dimensionality_reduction/openTSNE/results/mouse_gamma_tsne/exp3_delta_perp
Computing sensitivity grid ...

  Running sensitivity grid ...
    Pre-computing HD KNN ...
    ρ=30: building affinities ...
      aff γ=0.00 ... med_eff_perp=90.0
      aff γ=0.50 ... med_eff_perp=67.3
      aff γ=0.70 ... med_eff_perp=50.7
      aff γ=1.00 ... med_eff_perp=30.0
      aff γ=1.20 ... med_eff_perp=21.0
      aff γ=1.50 ... med_eff_perp=12.9
      aff γ=2.00 ... med_eff_perp=7.0
      ρ=30, seed=191664964
        γ=0.00 ... done
        γ=0.50 ... done
        γ=0.70 ... done
        γ=1.00 ... done
        γ=1.20 ... done
        γ=1.50 ... done
        γ=2.00 ... done
      checkpoint: ρ=30 seed=191664964 saved → /home/smohebi/dimensionality_reduction/openTSNE/results/mouse_gamma_tsne/sensitivity_grid/sensitivity_grid.csv
      ρ=30, seed=1662057958
        γ=0.00 ... done
        γ=0.50 ... done
        γ=0.70 ... done
        γ=1.00 ... done
        γ=1.20 ... done
        γ=1.50 ... done
        γ=2.00 ... done
      checkpoint: ρ=30 seed=1662057958 saved → /home/smohebi/dimensionality_reduction/openTSNE/results/mouse_gamma_tsne/sensitivity_grid/sensitivity_grid.csv
      ρ=30, seed=1405681632
        γ=0.00 ... done
        γ=0.50 ... done
        γ=0.70 ... done
        γ=1.00 ... done
        γ=1.20 ... done
        γ=1.50 ... done
        γ=2.00 ... done
      checkpoint: ρ=30 seed=1405681632 saved → /home/smohebi/dimensionality_reduction/openTSNE/results/mouse_gamma_tsne/sensitivity_grid/sensitivity_grid.csv
      ρ=30, seed=942484272
        γ=0.00 ... done
        γ=0.50 ... done
        γ=0.70 ... done
        γ=1.00 ... done
        γ=1.20 ... done
        γ=1.50 ... done
        γ=2.00 ... done
      checkpoint: ρ=30 seed=942484272 saved → /home/smohebi/dimensionality_reduction/openTSNE/results/mouse_gamma_tsne/sensitivity_grid/sensitivity_grid.csv
      ρ=30, seed=929893138
        γ=0.00 ... done
        γ=0.50 ... done
        γ=0.70 ... done
        γ=1.00 ... done
        γ=1.20 ... done
        γ=1.50 ... done
        γ=2.00 ... done
      checkpoint: ρ=30 seed=929893138 saved → /home/smohebi/dimensionality_reduction/openTSNE/results/mouse_gamma_tsne/sensitivity_grid/sensitivity_grid.csv
    ρ=50: building affinities ...
      aff γ=0.00 ... med_eff_perp=150.0
      aff γ=0.50 ... med_eff_perp=111.6
      aff γ=0.70 ... med_eff_perp=84.1
      aff γ=1.00 ... med_eff_perp=50.0
      aff γ=1.20 ... med_eff_perp=35.0
      aff γ=1.50 ... med_eff_perp=21.4
      aff γ=2.00 ... med_eff_perp=11.1
      ρ=50, seed=191664964
        γ=0.00 ... done
        γ=0.50 ... done
        γ=0.70 ... done
        γ=1.00 ... done
        γ=1.20 ... done
        γ=1.50 ... done
        γ=2.00 ... done
      checkpoint: ρ=50 seed=191664964 saved → /home/smohebi/dimensionality_reduction/openTSNE/results/mouse_gamma_tsne/sensitivity_grid/sensitivity_grid.csv
      ρ=50, seed=1662057958
        γ=0.00 ... done
        γ=0.50 ... done
        γ=0.70 ... done
        γ=1.00 ... done
        γ=1.20 ... done
        γ=1.50 ... done
        γ=2.00 ... done
      checkpoint: ρ=50 seed=1662057958 saved → /home/smohebi/dimensionality_reduction/openTSNE/results/mouse_gamma_tsne/sensitivity_grid/sensitivity_grid.csv
      ρ=50, seed=1405681632
        γ=0.00 ... done
        γ=0.50 ... done
        γ=0.70 ... done
        γ=1.00 ... done
        γ=1.20 ... done
        γ=1.50 ... done
        γ=2.00 ... done
      checkpoint: ρ=50 seed=1405681632 saved → /home/smohebi/dimensionality_reduction/openTSNE/results/mouse_gamma_tsne/sensitivity_grid/sensitivity_grid.csv
      ρ=50, seed=942484272
        γ=0.00 ... done
        γ=0.50 ... done
        γ=0.70 ... done
        γ=1.00 ... done
        γ=1.20 ... done
        γ=1.50 ... done
        γ=2.00 ... done
      checkpoint: ρ=50 seed=942484272 saved → /home/smohebi/dimensionality_reduction/openTSNE/results/mouse_gamma_tsne/sensitivity_grid/sensitivity_grid.csv
      ρ=50, seed=929893138
        γ=0.00 ... done
        γ=0.50 ... done
        γ=0.70 ... done
        γ=1.00 ... done
        γ=1.20 ... done
        γ=1.50 ... done
        γ=2.00 ... done
      checkpoint: ρ=50 seed=929893138 saved → /home/smohebi/dimensionality_reduction/openTSNE/results/mouse_gamma_tsne/sensitivity_grid/sensitivity_grid.csv
    ρ=100: building affinities ...
      aff γ=0.00 ... med_eff_perp=300.0
      aff γ=0.50 ... med_eff_perp=219.6
      aff γ=0.70 ... med_eff_perp=165.3
      aff γ=1.00 ... med_eff_perp=100.0
      aff γ=1.20 ... med_eff_perp=71.1
      aff γ=1.50 ... med_eff_perp=44.2
      aff γ=2.00 ... med_eff_perp=22.8
      ρ=100, seed=191664964
        γ=0.00 ... done
        γ=0.50 ... done
        γ=0.70 ... done
        γ=1.00 ... done
        γ=1.20 ... done
        γ=1.50 ... done
        γ=2.00 ... done
      checkpoint: ρ=100 seed=191664964 saved → /home/smohebi/dimensionality_reduction/openTSNE/results/mouse_gamma_tsne/sensitivity_grid/sensitivity_grid.csv
      ρ=100, seed=1662057958
        γ=0.00 ... done
        γ=0.50 ... done
        γ=0.70 ... done
        γ=1.00 ... done
        γ=1.20 ... done
        γ=1.50 ... done
        γ=2.00 ... done
      checkpoint: ρ=100 seed=1662057958 saved → /home/smohebi/dimensionality_reduction/openTSNE/results/mouse_gamma_tsne/sensitivity_grid/sensitivity_grid.csv
      ρ=100, seed=1405681632
        γ=0.00 ... done
        γ=0.50 ... done
        γ=0.70 ... done
        γ=1.00 ... done
        γ=1.20 ... done
        γ=1.50 ... done
        γ=2.00 ... done
      checkpoint: ρ=100 seed=1405681632 saved → /home/smohebi/dimensionality_reduction/openTSNE/results/mouse_gamma_tsne/sensitivity_grid/sensitivity_grid.csv
      ρ=100, seed=942484272
        γ=0.00 ... done
        γ=0.50 ... done
        γ=0.70 ... done
        γ=1.00 ... done
        γ=1.20 ... done
        γ=1.50 ... done
        γ=2.00 ... done
      checkpoint: ρ=100 seed=942484272 saved → /home/smohebi/dimensionality_reduction/openTSNE/results/mouse_gamma_tsne/sensitivity_grid/sensitivity_grid.csv
      ρ=100, seed=929893138
        γ=0.00 ... done
        γ=0.50 ... done
        γ=0.70 ... done
        γ=1.00 ... done
        γ=1.20 ... done
        γ=1.50 ... done
        γ=2.00 ... done
      checkpoint: ρ=100 seed=929893138 saved → /home/smohebi/dimensionality_reduction/openTSNE/results/mouse_gamma_tsne/sensitivity_grid/sensitivity_grid.csv
    ρ=200: building affinities ...
      aff γ=0.00 ... med_eff_perp=600.0
      aff γ=0.50 ... med_eff_perp=425.9
      aff γ=0.70 ... med_eff_perp=320.4
      aff γ=1.00 ... med_eff_perp=200.0
      aff γ=1.20 ... med_eff_perp=147.0
      aff γ=1.50 ... med_eff_perp=95.9
      aff γ=2.00 ... med_eff_perp=52.1
      ρ=200, seed=191664964
        γ=0.00 ... done
        γ=0.50 ... done
        γ=0.70 ... done
        γ=1.00 ... done
        γ=1.20 ... done
        γ=1.50 ... done
        γ=2.00 ... done
      checkpoint: ρ=200 seed=191664964 saved → /home/smohebi/dimensionality_reduction/openTSNE/results/mouse_gamma_tsne/sensitivity_grid/sensitivity_grid.csv
      ρ=200, seed=1662057958
        γ=0.00 ... done
        γ=0.50 ... done
        γ=0.70 ... done
        γ=1.00 ... done
        γ=1.20 ... done
        γ=1.50 ... done
        γ=2.00 ... done
      checkpoint: ρ=200 seed=1662057958 saved → /home/smohebi/dimensionality_reduction/openTSNE/results/mouse_gamma_tsne/sensitivity_grid/sensitivity_grid.csv
      ρ=200, seed=1405681632
        γ=0.00 ... done
        γ=0.50 ... done
        γ=0.70 ... done
        γ=1.00 ... done
        γ=1.20 ... done
        γ=1.50 ... done
        γ=2.00 ... done
      checkpoint: ρ=200 seed=1405681632 saved → /home/smohebi/dimensionality_reduction/openTSNE/results/mouse_gamma_tsne/sensitivity_grid/sensitivity_grid.csv
      ρ=200, seed=942484272
        γ=0.00 ... done
        γ=0.50 ... done
        γ=0.70 ... done
        γ=1.00 ... done
        γ=1.20 ... done
        γ=1.50 ... done
        γ=2.00 ... done
      checkpoint: ρ=200 seed=942484272 saved → /home/smohebi/dimensionality_reduction/openTSNE/results/mouse_gamma_tsne/sensitivity_grid/sensitivity_grid.csv
      ρ=200, seed=929893138
        γ=0.00 ... done
        γ=0.50 ... done
        γ=0.70 ... done
        γ=1.00 ... done
        γ=1.20 ... done
        γ=1.50 ... done
        γ=2.00 ... done
      checkpoint: ρ=200 seed=929893138 saved → /home/smohebi/dimensionality_reduction/openTSNE/results/mouse_gamma_tsne/sensitivity_grid/sensitivity_grid.csv
  Grid complete (140 rows) → /home/smohebi/dimensionality_reduction/openTSNE/results/mouse_gamma_tsne/sensitivity_grid/sensitivity_grid.csv

--- Exp 4: Neighborhood Overlap gamma sweep ---
  Pre-computing HD KNN at k=200 ...
  seed=191664964 ...
    γ=0.00 ... done
    γ=0.30 ... done
    γ=0.50 ... done
    γ=0.70 ... done
    γ=0.90 ... done
    γ=1.00 ... done
    γ=1.20 ... done
    γ=1.50 ... done
    γ=2.00 ... done
  checkpoint: seed=191664964 saved → /home/smohebi/dimensionality_reduction/openTSNE/results/mouse_gamma_tsne/exp4_neighborhood_overlap_gamma_sweep/neighborhood_overlap_gamma_sweep.csv
  seed=1662057958 ...
    γ=0.00 ... done
    γ=0.30 ... done
    γ=0.50 ... done
    γ=0.70 ... done
    γ=0.90 ... done
    γ=1.00 ... done
    γ=1.20 ... done
    γ=1.50 ... done
    γ=2.00 ... done
  checkpoint: seed=1662057958 saved → /home/smohebi/dimensionality_reduction/openTSNE/results/mouse_gamma_tsne/exp4_neighborhood_overlap_gamma_sweep/neighborhood_overlap_gamma_sweep.csv
  seed=1405681632 ...
    γ=0.00 ... done
    γ=0.30 ... done
    γ=0.50 ... done
    γ=0.70 ... done
    γ=0.90 ... done
    γ=1.00 ... done
    γ=1.20 ... done
    γ=1.50 ... done
    γ=2.00 ... done
  checkpoint: seed=1405681632 saved → /home/smohebi/dimensionality_reduction/openTSNE/results/mouse_gamma_tsne/exp4_neighborhood_overlap_gamma_sweep/neighborhood_overlap_gamma_sweep.csv
  seed=942484272 ...
    γ=0.00 ... done
    γ=0.30 ... done
    γ=0.50 ... done
    γ=0.70 ... done
    γ=0.90 ... done
    γ=1.00 ... done
    γ=1.20 ... done
    γ=1.50 ... done
    γ=2.00 ... done
  checkpoint: seed=942484272 saved → /home/smohebi/dimensionality_reduction/openTSNE/results/mouse_gamma_tsne/exp4_neighborhood_overlap_gamma_sweep/neighborhood_overlap_gamma_sweep.csv
  seed=929893138 ...
    γ=0.00 ... done
    γ=0.30 ... done
    γ=0.50 ... done
    γ=0.70 ... done
    γ=0.90 ... done
    γ=1.00 ... done
    γ=1.20 ... done
    γ=1.50 ... done
    γ=2.00 ... done
  checkpoint: seed=929893138 saved → /home/smohebi/dimensionality_reduction/openTSNE/results/mouse_gamma_tsne/exp4_neighborhood_overlap_gamma_sweep/neighborhood_overlap_gamma_sweep.csv
    Saved: /home/smohebi/dimensionality_reduction/openTSNE/results/mouse_gamma_tsne/exp4_neighborhood_overlap_gamma_sweep/04_neighborhood_overlap_gamma_sweep.png
  Exp 4 done → /home/smohebi/dimensionality_reduction/openTSNE/results/mouse_gamma_tsne/exp4_neighborhood_overlap_gamma_sweep

--- Exp 5: Embedding comparison (mouse) ---
  Running standard t-SNE (γ=1.0, ρ=30) ...
  Running smooth t-SNE (γ=0.5, ρ=30) ...
    Saved: /home/smohebi/dimensionality_reduction/openTSNE/results/mouse_gamma_tsne/exp5_embedding/05_embedding_mouse.png
  Exp 5 done → /home/smohebi/dimensionality_reduction/openTSNE/results/mouse_gamma_tsne/exp5_embedding

--- Exp 2b: Median effective perplexity heatmap ---
    Saved: /home/smohebi/dimensionality_reduction/openTSNE/results/mouse_gamma_tsne/exp2_eff_perplexity/02b_median_eff_perp_heatmap.png
  Exp 2b done → /home/smohebi/dimensionality_reduction/openTSNE/results/mouse_gamma_tsne/exp2_eff_perplexity

--- Exp 6: Neighborhood Overlap sensitivity heatmaps ---
  Grid saved → /home/smohebi/dimensionality_reduction/openTSNE/results/mouse_gamma_tsne/exp6_sensitivity/sensitivity_grid.csv
    Saved: /home/smohebi/dimensionality_reduction/openTSNE/results/mouse_gamma_tsne/exp6_sensitivity/06a_neighborhood_overlap_auc_1_10.png
    Saved: /home/smohebi/dimensionality_reduction/openTSNE/results/mouse_gamma_tsne/exp6_sensitivity/06b_neighborhood_overlap_auc_11_90.png
  Exp 6 done → /home/smohebi/dimensionality_reduction/openTSNE/results/mouse_gamma_tsne/exp6_sensitivity

--- Exp 7: Neighborhood Overlap comparison ---
  ρ_matched (smooth γ=0.7) = 51
  Building affinities ...
  Pre-computing HD KNN at k=200 ...
  seed=191664964 ...
    standard  ρ= ... done
    smooth  γ=0. ... done
    sharp  γ=1.5 ... done
    matched ... done
  checkpoint: seed=191664964 saved → /home/smohebi/dimensionality_reduction/openTSNE/results/mouse_gamma_tsne/exp7_neighborhood_overlap_comparison/neighborhood_overlap_comparison.csv
  seed=1662057958 ...
    standard  ρ= ... done
    smooth  γ=0. ... done
    sharp  γ=1.5 ... done
    matched ... done
  checkpoint: seed=1662057958 saved → /home/smohebi/dimensionality_reduction/openTSNE/results/mouse_gamma_tsne/exp7_neighborhood_overlap_comparison/neighborhood_overlap_comparison.csv
  seed=1405681632 ...
    standard  ρ= ... done
    smooth  γ=0. ... done
    sharp  γ=1.5 ... done
    matched ... done
  checkpoint: seed=1405681632 saved → /home/smohebi/dimensionality_reduction/openTSNE/results/mouse_gamma_tsne/exp7_neighborhood_overlap_comparison/neighborhood_overlap_comparison.csv
  seed=942484272 ...
    standard  ρ= ... done
    smooth  γ=0. ... done
    sharp  γ=1.5 ... done
    matched ... done
  checkpoint: seed=942484272 saved → /home/smohebi/dimensionality_reduction/openTSNE/results/mouse_gamma_tsne/exp7_neighborhood_overlap_comparison/neighborhood_overlap_comparison.csv
  seed=929893138 ...
    standard  ρ= ... done
    smooth  γ=0. ... done
    sharp  γ=1.5 ... done
    matched ... done
  checkpoint: seed=929893138 saved → /home/smohebi/dimensionality_reduction/openTSNE/results/mouse_gamma_tsne/exp7_neighborhood_overlap_comparison/neighborhood_overlap_comparison.csv
    Saved: /home/smohebi/dimensionality_reduction/openTSNE/results/mouse_gamma_tsne/exp7_neighborhood_overlap_comparison/07_neighborhood_overlap_comparison.png
  Exp 7 done → /home/smohebi/dimensionality_reduction/openTSNE/results/mouse_gamma_tsne/exp7_neighborhood_overlap_comparison

--- Exp 8: Global Spearman vs γ ---
  ρ=30, seed=191664964 ...
    γ=0.00 ... ρ=0.6041
    γ=0.50 ... ρ=0.6160
    γ=0.70 ... ρ=0.5769
    γ=1.00 ... ρ=0.5701
    γ=1.20 ... ρ=0.5335
    γ=1.50 ... ρ=0.5281
    γ=2.00 ... ρ=0.5166
  checkpoint: ρ=30 seed=191664964 saved
  ρ=30, seed=1662057958 ...
    γ=0.00 ... ρ=0.6022
    γ=0.50 ... ρ=0.6034
    γ=0.70 ... ρ=0.5804
    γ=1.00 ... ρ=0.5543
    γ=1.20 ... ρ=0.5377
    γ=1.50 ... ρ=0.5375
    γ=2.00 ... ρ=0.5124
  checkpoint: ρ=30 seed=1662057958 saved
  ρ=30, seed=1405681632 ...
    γ=0.00 ... ρ=0.6000
    γ=0.50 ... ρ=0.6126
    γ=0.70 ... ρ=0.5793
    γ=1.00 ... ρ=0.5434
    γ=1.20 ... ρ=0.5432
    γ=1.50 ... ρ=0.5393
    γ=2.00 ... ρ=0.5135
  checkpoint: ρ=30 seed=1405681632 saved
  ρ=30, seed=942484272 ...
    γ=0.00 ... ρ=0.6039
    γ=0.50 ... ρ=0.6043
    γ=0.70 ... ρ=0.5845
    γ=1.00 ... ρ=0.5624
    γ=1.20 ... ρ=0.5419
    γ=1.50 ... ρ=0.5279
    γ=2.00 ... ρ=0.5161
  checkpoint: ρ=30 seed=942484272 saved
  ρ=30, seed=929893138 ...
    γ=0.00 ... ρ=0.6016
    γ=0.50 ... ρ=0.6062
    γ=0.70 ... ρ=0.5894
    γ=1.00 ... ρ=0.5434
    γ=1.20 ... ρ=0.5330
    γ=1.50 ... ρ=0.5256
    γ=2.00 ... ρ=0.5141
  checkpoint: ρ=30 seed=929893138 saved
  ρ=50, seed=191664964 ...
    γ=0.00 ... ρ=0.6182
    γ=0.50 ... ρ=0.5997
    γ=0.70 ... ρ=0.5922
    γ=1.00 ... ρ=0.5548
    γ=1.20 ... ρ=0.5479
    γ=1.50 ... ρ=0.5257
    γ=2.00 ... ρ=0.5238
  checkpoint: ρ=50 seed=191664964 saved
  ρ=50, seed=1662057958 ...
    γ=0.00 ... ρ=0.6000
    γ=0.50 ... ρ=0.6044
    γ=0.70 ... ρ=0.5880
    γ=1.00 ... ρ=0.5820
    γ=1.20 ... ρ=0.5505
    γ=1.50 ... ρ=0.5346
    γ=2.00 ... ρ=0.5176
  checkpoint: ρ=50 seed=1662057958 saved
  ρ=50, seed=1405681632 ...
    γ=0.00 ... ρ=0.5683
    γ=0.50 ... ρ=0.6044
    γ=0.70 ... ρ=0.5904
    γ=1.00 ... ρ=0.5674
    γ=1.20 ... ρ=0.5536
    γ=1.50 ... ρ=0.5429
    γ=2.00 ... ρ=0.5182
  checkpoint: ρ=50 seed=1405681632 saved
  ρ=50, seed=942484272 ...
    γ=0.00 ... ρ=0.6268
    γ=0.50 ... ρ=0.6019
    γ=0.70 ... ρ=0.5910
    γ=1.00 ... ρ=0.5572
    γ=1.20 ... ρ=0.5507
    γ=1.50 ... ρ=0.5240
    γ=2.00 ... ρ=0.5241
  checkpoint: ρ=50 seed=942484272 saved
  ρ=50, seed=929893138 ...
    γ=0.00 ... ρ=0.5745
    γ=0.50 ... ρ=0.6039
    γ=0.70 ... ρ=0.5825
    γ=1.00 ... ρ=0.5551
    γ=1.20 ... ρ=0.5511
    γ=1.50 ... ρ=0.5237
    γ=2.00 ... ρ=0.5160
  checkpoint: ρ=50 seed=929893138 saved
  ρ=100, seed=191664964 ...
    γ=0.00 ... ρ=0.6177
    γ=0.50 ... ρ=0.6148
    γ=0.70 ... ρ=0.6095
    γ=1.00 ... ρ=0.5914
    γ=1.20 ... ρ=0.5890
    γ=1.50 ... ρ=0.5491
    γ=2.00 ... ρ=0.5240
  checkpoint: ρ=100 seed=191664964 saved
  ρ=100, seed=1662057958 ...
    γ=0.00 ... ρ=0.6089
    γ=0.50 ... ρ=0.5966
    γ=0.70 ... ρ=0.6032
    γ=1.00 ... ρ=0.5868
    γ=1.20 ... ρ=0.5872
    γ=1.50 ... ρ=0.5497
    γ=2.00 ... ρ=0.5168
  checkpoint: ρ=100 seed=1662057958 saved
  ρ=100, seed=1405681632 ...
    γ=0.00 ... ρ=0.5606
    γ=0.50 ... ρ=0.6123
    γ=0.70 ... ρ=0.6076
    γ=1.00 ... ρ=0.5924
    γ=1.20 ... ρ=0.5894
    γ=1.50 ... ρ=0.5581
    γ=2.00 ... ρ=0.5221
  checkpoint: ρ=100 seed=1405681632 saved
  ρ=100, seed=942484272 ...
    γ=0.00 ... ρ=0.6153
    γ=0.50 ... ρ=0.5887
    γ=0.70 ... ρ=0.5971
    γ=1.00 ... ρ=0.5895
    γ=1.20 ... ρ=0.5868
    γ=1.50 ... ρ=0.5681
    γ=2.00 ... ρ=0.5194
  checkpoint: ρ=100 seed=942484272 saved
  ρ=100, seed=929893138 ...
    γ=0.00 ... ρ=0.5943
    γ=0.50 ... ρ=0.6117
    γ=0.70 ... ρ=0.6075
    γ=1.00 ... ρ=0.5967
    γ=1.20 ... ρ=0.5884
    γ=1.50 ... ρ=0.5541
    γ=2.00 ... ρ=0.5212
  checkpoint: ρ=100 seed=929893138 saved
  ρ=200, seed=191664964 ...
    γ=0.00 ... ρ=0.6577
    γ=0.50 ... ρ=0.6206
    γ=0.70 ... ρ=0.5989
    γ=1.00 ... ρ=0.6152
    γ=1.20 ... ρ=0.6031
    γ=1.50 ... ρ=0.5886
    γ=2.00 ... ρ=0.5512
  checkpoint: ρ=200 seed=191664964 saved
  ρ=200, seed=1662057958 ...
    γ=0.00 ... ρ=0.6442
    γ=0.50 ... ρ=0.6267
    γ=0.70 ... ρ=0.5672
    γ=1.00 ... ρ=0.6299
    γ=1.20 ... ρ=0.5993
    γ=1.50 ... ρ=0.5856
    γ=2.00 ... ρ=0.5525
  checkpoint: ρ=200 seed=1662057958 saved
  ρ=200, seed=1405681632 ...
    γ=0.00 ... ρ=0.6775
    γ=0.50 ... ρ=0.6230
    γ=0.70 ... ρ=0.5976
    γ=1.00 ... ρ=0.6316
    γ=1.20 ... ρ=0.6005
    γ=1.50 ... ρ=0.5888
    γ=2.00 ... ρ=0.5595
  checkpoint: ρ=200 seed=1405681632 saved
  ρ=200, seed=942484272 ...
    γ=0.00 ... ρ=0.6251
    γ=0.50 ... ρ=0.6234
    γ=0.70 ... ρ=0.6036
    γ=1.00 ... ρ=0.6129
    γ=1.20 ... ρ=0.6035
    γ=1.50 ... ρ=0.5880
    γ=2.00 ... ρ=0.5539
  checkpoint: ρ=200 seed=942484272 saved
  ρ=200, seed=929893138 ...
    γ=0.00 ... ρ=0.5339
    γ=0.50 ... ρ=0.6188
    γ=0.70 ... ρ=0.5736
    γ=1.00 ... ρ=0.6316
    γ=1.20 ... ρ=0.6013
    γ=1.50 ... ρ=0.5887
    γ=2.00 ... ρ=0.5540
  checkpoint: ρ=200 seed=929893138 saved
    Saved: /home/smohebi/dimensionality_reduction/openTSNE/results/mouse_gamma_tsne/exp8_global_spearman/08_global_spearman_vs_gamma.png
  Exp 8 done → /home/smohebi/dimensionality_reduction/openTSNE/results/mouse_gamma_tsne/exp8_global_spearman

--- Exp 9: Smooth vs standard envelope (all perplexities) ---

  ρ=5: pre-computing HD KNN at k=200 ...
    seed=191664964 standard (γ=1.0) ...
    seed=191664964 smooth (γ=0.7) ...
    seed=1662057958 standard (γ=1.0) ...
    seed=1662057958 smooth (γ=0.7) ...
    seed=1405681632 standard (γ=1.0) ...
    seed=1405681632 smooth (γ=0.7) ...
    seed=942484272 standard (γ=1.0) ...
    seed=942484272 smooth (γ=0.7) ...
    seed=929893138 standard (γ=1.0) ...
    seed=929893138 smooth (γ=0.7) ...
  checkpoint: ρ=5 saved → /home/smohebi/dimensionality_reduction/openTSNE/results/mouse_gamma_tsne/exp9_smooth_vs_envelope/smooth_vs_envelope.csv

  ρ=10: pre-computing HD KNN at k=200 ...
    seed=191664964 standard (γ=1.0) ...
    seed=191664964 smooth (γ=0.7) ...
    seed=1662057958 standard (γ=1.0) ...
    seed=1662057958 smooth (γ=0.7) ...
    seed=1405681632 standard (γ=1.0) ...
    seed=1405681632 smooth (γ=0.7) ...
    seed=942484272 standard (γ=1.0) ...
    seed=942484272 smooth (γ=0.7) ...
    seed=929893138 standard (γ=1.0) ...
    seed=929893138 smooth (γ=0.7) ...
  checkpoint: ρ=10 saved → /home/smohebi/dimensionality_reduction/openTSNE/results/mouse_gamma_tsne/exp9_smooth_vs_envelope/smooth_vs_envelope.csv

  ρ=20: pre-computing HD KNN at k=200 ...
    seed=191664964 standard (γ=1.0) ...
    seed=191664964 smooth (γ=0.7) ...
    seed=1662057958 standard (γ=1.0) ...
    seed=1662057958 smooth (γ=0.7) ...
    seed=1405681632 standard (γ=1.0) ...
    seed=1405681632 smooth (γ=0.7) ...
    seed=942484272 standard (γ=1.0) ...
    seed=942484272 smooth (γ=0.7) ...
    seed=929893138 standard (γ=1.0) ...
    seed=929893138 smooth (γ=0.7) ...
  checkpoint: ρ=20 saved → /home/smohebi/dimensionality_reduction/openTSNE/results/mouse_gamma_tsne/exp9_smooth_vs_envelope/smooth_vs_envelope.csv

  ρ=30: pre-computing HD KNN at k=200 ...
    seed=191664964 standard (γ=1.0) ...
    seed=191664964 smooth (γ=0.7) ...
    seed=1662057958 standard (γ=1.0) ...
    seed=1662057958 smooth (γ=0.7) ...
    seed=1405681632 standard (γ=1.0) ...
    seed=1405681632 smooth (γ=0.7) ...
    seed=942484272 standard (γ=1.0) ...
    seed=942484272 smooth (γ=0.7) ...
    seed=929893138 standard (γ=1.0) ...
    seed=929893138 smooth (γ=0.7) ...
  checkpoint: ρ=30 saved → /home/smohebi/dimensionality_reduction/openTSNE/results/mouse_gamma_tsne/exp9_smooth_vs_envelope/smooth_vs_envelope.csv

  ρ=50: pre-computing HD KNN at k=200 ...
    seed=191664964 standard (γ=1.0) ...
    seed=191664964 smooth (γ=0.7) ...
    seed=1662057958 standard (γ=1.0) ...
    seed=1662057958 smooth (γ=0.7) ...
    seed=1405681632 standard (γ=1.0) ...
    seed=1405681632 smooth (γ=0.7) ...
    seed=942484272 standard (γ=1.0) ...
    seed=942484272 smooth (γ=0.7) ...
    seed=929893138 standard (γ=1.0) ...
    seed=929893138 smooth (γ=0.7) ...
  checkpoint: ρ=50 saved → /home/smohebi/dimensionality_reduction/openTSNE/results/mouse_gamma_tsne/exp9_smooth_vs_envelope/smooth_vs_envelope.csv

  ρ=70: pre-computing HD KNN at k=200 ...
    seed=191664964 standard (γ=1.0) ...
    seed=191664964 smooth (γ=0.7) ...
    seed=1662057958 standard (γ=1.0) ...
    seed=1662057958 smooth (γ=0.7) ...
    seed=1405681632 standard (γ=1.0) ...
    seed=1405681632 smooth (γ=0.7) ...
    seed=942484272 standard (γ=1.0) ...
    seed=942484272 smooth (γ=0.7) ...
    seed=929893138 standard (γ=1.0) ...
    seed=929893138 smooth (γ=0.7) ...
  checkpoint: ρ=70 saved → /home/smohebi/dimensionality_reduction/openTSNE/results/mouse_gamma_tsne/exp9_smooth_vs_envelope/smooth_vs_envelope.csv

  ρ=100: pre-computing HD KNN at k=200 ...
    seed=191664964 standard (γ=1.0) ...
    seed=191664964 smooth (γ=0.7) ...
    seed=1662057958 standard (γ=1.0) ...
    seed=1662057958 smooth (γ=0.7) ...
    seed=1405681632 standard (γ=1.0) ...
    seed=1405681632 smooth (γ=0.7) ...
    seed=942484272 standard (γ=1.0) ...
    seed=942484272 smooth (γ=0.7) ...
    seed=929893138 standard (γ=1.0) ...
    seed=929893138 smooth (γ=0.7) ...
  checkpoint: ρ=100 saved → /home/smohebi/dimensionality_reduction/openTSNE/results/mouse_gamma_tsne/exp9_smooth_vs_envelope/smooth_vs_envelope.csv

  ρ=120: pre-computing HD KNN at k=200 ...
    seed=191664964 standard (γ=1.0) ...
    seed=191664964 smooth (γ=0.7) ...
    seed=1662057958 standard (γ=1.0) ...
    seed=1662057958 smooth (γ=0.7) ...
    seed=1405681632 standard (γ=1.0) ...
    seed=1405681632 smooth (γ=0.7) ...
    seed=942484272 standard (γ=1.0) ...
    seed=942484272 smooth (γ=0.7) ...
    seed=929893138 standard (γ=1.0) ...
    seed=929893138 smooth (γ=0.7) ...
  checkpoint: ρ=120 saved → /home/smohebi/dimensionality_reduction/openTSNE/results/mouse_gamma_tsne/exp9_smooth_vs_envelope/smooth_vs_envelope.csv

  ρ=150: pre-computing HD KNN at k=200 ...
    seed=191664964 standard (γ=1.0) ...
    seed=191664964 smooth (γ=0.7) ...
    seed=1662057958 standard (γ=1.0) ...
    seed=1662057958 smooth (γ=0.7) ...
    seed=1405681632 standard (γ=1.0) ...
    seed=1405681632 smooth (γ=0.7) ...
    seed=942484272 standard (γ=1.0) ...
    seed=942484272 smooth (γ=0.7) ...
    seed=929893138 standard (γ=1.0) ...
    seed=929893138 smooth (γ=0.7) ...
  checkpoint: ρ=150 saved → /home/smohebi/dimensionality_reduction/openTSNE/results/mouse_gamma_tsne/exp9_smooth_vs_envelope/smooth_vs_envelope.csv

  ρ=200: pre-computing HD KNN at k=200 ...
    seed=191664964 standard (γ=1.0) ...
    seed=191664964 smooth (γ=0.7) ...
    seed=1662057958 standard (γ=1.0) ...
    seed=1662057958 smooth (γ=0.7) ...
    seed=1405681632 standard (γ=1.0) ...
    seed=1405681632 smooth (γ=0.7) ...
    seed=942484272 standard (γ=1.0) ...
    seed=942484272 smooth (γ=0.7) ...
    seed=929893138 standard (γ=1.0) ...
    seed=929893138 smooth (γ=0.7) ...
  checkpoint: ρ=200 saved → /home/smohebi/dimensionality_reduction/openTSNE/results/mouse_gamma_tsne/exp9_smooth_vs_envelope/smooth_vs_envelope.csv

  ρ=300: pre-computing HD KNN at k=200 ...
    seed=191664964 standard (γ=1.0) ...
    seed=191664964 smooth (γ=0.7) ...
    seed=1662057958 standard (γ=1.0) ...
    seed=1662057958 smooth (γ=0.7) ...
    seed=1405681632 standard (γ=1.0) ...
    seed=1405681632 smooth (γ=0.7) ...
    seed=942484272 standard (γ=1.0) ...
    seed=942484272 smooth (γ=0.7) ...
    seed=929893138 standard (γ=1.0) ...
    seed=929893138 smooth (γ=0.7) ...
  checkpoint: ρ=300 saved → /home/smohebi/dimensionality_reduction/openTSNE/results/mouse_gamma_tsne/exp9_smooth_vs_envelope/smooth_vs_envelope.csv
    Saved: /home/smohebi/dimensionality_reduction/openTSNE/results/mouse_gamma_tsne/exp9_smooth_vs_envelope/09a_smooth_vs_envelope.png
    Saved: /home/smohebi/dimensionality_reduction/openTSNE/results/mouse_gamma_tsne/exp9_smooth_vs_envelope/09b_winner_perplexity.png
  Exp 9 done → /home/smohebi/dimensionality_reduction/openTSNE/results/mouse_gamma_tsne/exp9_smooth_vs_envelope

--- Exp 10: NO@k and AUC vs perplexity ---

  ρ=5: pre-computing HD KNN at k=30 ...
    seed=191664964 standard (γ=1.0) ...
    seed=191664964 smooth (γ=0.7) ...
  checkpoint: ρ=5 seed=191664964 saved
    seed=1662057958 standard (γ=1.0) ...
    seed=1662057958 smooth (γ=0.7) ...
  checkpoint: ρ=5 seed=1662057958 saved
    seed=1405681632 standard (γ=1.0) ...
    seed=1405681632 smooth (γ=0.7) ...
  checkpoint: ρ=5 seed=1405681632 saved
    seed=942484272 standard (γ=1.0) ...
    seed=942484272 smooth (γ=0.7) ...
  checkpoint: ρ=5 seed=942484272 saved
    seed=929893138 standard (γ=1.0) ...
    seed=929893138 smooth (γ=0.7) ...
  checkpoint: ρ=5 seed=929893138 saved

  ρ=10: pre-computing HD KNN at k=30 ...
    seed=191664964 standard (γ=1.0) ...
    seed=191664964 smooth (γ=0.7) ...
  checkpoint: ρ=10 seed=191664964 saved
    seed=1662057958 standard (γ=1.0) ...
    seed=1662057958 smooth (γ=0.7) ...
  checkpoint: ρ=10 seed=1662057958 saved
    seed=1405681632 standard (γ=1.0) ...
    seed=1405681632 smooth (γ=0.7) ...
  checkpoint: ρ=10 seed=1405681632 saved
    seed=942484272 standard (γ=1.0) ...
    seed=942484272 smooth (γ=0.7) ...
  checkpoint: ρ=10 seed=942484272 saved
    seed=929893138 standard (γ=1.0) ...
    seed=929893138 smooth (γ=0.7) ...
  checkpoint: ρ=10 seed=929893138 saved

  ρ=15: pre-computing HD KNN at k=30 ...
    seed=191664964 standard (γ=1.0) ...
    seed=191664964 smooth (γ=0.7) ...
  checkpoint: ρ=15 seed=191664964 saved
    seed=1662057958 standard (γ=1.0) ...
    seed=1662057958 smooth (γ=0.7) ...
  checkpoint: ρ=15 seed=1662057958 saved
    seed=1405681632 standard (γ=1.0) ...
    seed=1405681632 smooth (γ=0.7) ...
  checkpoint: ρ=15 seed=1405681632 saved
    seed=942484272 standard (γ=1.0) ...
    seed=942484272 smooth (γ=0.7) ...
  checkpoint: ρ=15 seed=942484272 saved
    seed=929893138 standard (γ=1.0) ...
    seed=929893138 smooth (γ=0.7) ...
  checkpoint: ρ=15 seed=929893138 saved

  ρ=20: pre-computing HD KNN at k=30 ...
    seed=191664964 standard (γ=1.0) ...
    seed=191664964 smooth (γ=0.7) ...
  checkpoint: ρ=20 seed=191664964 saved
    seed=1662057958 standard (γ=1.0) ...
    seed=1662057958 smooth (γ=0.7) ...
  checkpoint: ρ=20 seed=1662057958 saved
    seed=1405681632 standard (γ=1.0) ...
    seed=1405681632 smooth (γ=0.7) ...
  checkpoint: ρ=20 seed=1405681632 saved
    seed=942484272 standard (γ=1.0) ...
    seed=942484272 smooth (γ=0.7) ...
  checkpoint: ρ=20 seed=942484272 saved
    seed=929893138 standard (γ=1.0) ...
    seed=929893138 smooth (γ=0.7) ...
  checkpoint: ρ=20 seed=929893138 saved

  ρ=25: pre-computing HD KNN at k=30 ...
    seed=191664964 standard (γ=1.0) ...
    seed=191664964 smooth (γ=0.7) ...
  checkpoint: ρ=25 seed=191664964 saved
    seed=1662057958 standard (γ=1.0) ...
    seed=1662057958 smooth (γ=0.7) ...
  checkpoint: ρ=25 seed=1662057958 saved
    seed=1405681632 standard (γ=1.0) ...
    seed=1405681632 smooth (γ=0.7) ...
  checkpoint: ρ=25 seed=1405681632 saved
    seed=942484272 standard (γ=1.0) ...
    seed=942484272 smooth (γ=0.7) ...
  checkpoint: ρ=25 seed=942484272 saved
    seed=929893138 standard (γ=1.0) ...
    seed=929893138 smooth (γ=0.7) ...
  checkpoint: ρ=25 seed=929893138 saved

  ρ=30: pre-computing HD KNN at k=30 ...
    seed=191664964 standard (γ=1.0) ...
    seed=191664964 smooth (γ=0.7) ...
  checkpoint: ρ=30 seed=191664964 saved
    seed=1662057958 standard (γ=1.0) ...
    seed=1662057958 smooth (γ=0.7) ...
  checkpoint: ρ=30 seed=1662057958 saved
    seed=1405681632 standard (γ=1.0) ...
    seed=1405681632 smooth (γ=0.7) ...
  checkpoint: ρ=30 seed=1405681632 saved
    seed=942484272 standard (γ=1.0) ...
    seed=942484272 smooth (γ=0.7) ...
  checkpoint: ρ=30 seed=942484272 saved
    seed=929893138 standard (γ=1.0) ...
    seed=929893138 smooth (γ=0.7) ...
  checkpoint: ρ=30 seed=929893138 saved

  ρ=40: pre-computing HD KNN at k=30 ...
    seed=191664964 standard (γ=1.0) ...
    seed=191664964 smooth (γ=0.7) ...
  checkpoint: ρ=40 seed=191664964 saved
    seed=1662057958 standard (γ=1.0) ...
    seed=1662057958 smooth (γ=0.7) ...
  checkpoint: ρ=40 seed=1662057958 saved
    seed=1405681632 standard (γ=1.0) ...
    seed=1405681632 smooth (γ=0.7) ...
  checkpoint: ρ=40 seed=1405681632 saved
    seed=942484272 standard (γ=1.0) ...
    seed=942484272 smooth (γ=0.7) ...
  checkpoint: ρ=40 seed=942484272 saved
    seed=929893138 standard (γ=1.0) ...
    seed=929893138 smooth (γ=0.7) ...
  checkpoint: ρ=40 seed=929893138 saved

  ρ=50: pre-computing HD KNN at k=30 ...
    seed=191664964 standard (γ=1.0) ...
    seed=191664964 smooth (γ=0.7) ...
  checkpoint: ρ=50 seed=191664964 saved
    seed=1662057958 standard (γ=1.0) ...
    seed=1662057958 smooth (γ=0.7) ...
  checkpoint: ρ=50 seed=1662057958 saved
    seed=1405681632 standard (γ=1.0) ...
    seed=1405681632 smooth (γ=0.7) ...
  checkpoint: ρ=50 seed=1405681632 saved
    seed=942484272 standard (γ=1.0) ...
    seed=942484272 smooth (γ=0.7) ...
  checkpoint: ρ=50 seed=942484272 saved
    seed=929893138 standard (γ=1.0) ...
    seed=929893138 smooth (γ=0.7) ...
  checkpoint: ρ=50 seed=929893138 saved

  ρ=60: pre-computing HD KNN at k=30 ...
    seed=191664964 standard (γ=1.0) ...
    seed=191664964 smooth (γ=0.7) ...
  checkpoint: ρ=60 seed=191664964 saved
    seed=1662057958 standard (γ=1.0) ...
    seed=1662057958 smooth (γ=0.7) ...
  checkpoint: ρ=60 seed=1662057958 saved
    seed=1405681632 standard (γ=1.0) ...
    seed=1405681632 smooth (γ=0.7) ...
  checkpoint: ρ=60 seed=1405681632 saved
    seed=942484272 standard (γ=1.0) ...
    seed=942484272 smooth (γ=0.7) ...
  checkpoint: ρ=60 seed=942484272 saved
    seed=929893138 standard (γ=1.0) ...
    seed=929893138 smooth (γ=0.7) ...
  checkpoint: ρ=60 seed=929893138 saved

  ρ=70: pre-computing HD KNN at k=30 ...
    seed=191664964 standard (γ=1.0) ...
    seed=191664964 smooth (γ=0.7) ...
  checkpoint: ρ=70 seed=191664964 saved
    seed=1662057958 standard (γ=1.0) ...
    seed=1662057958 smooth (γ=0.7) ...
  checkpoint: ρ=70 seed=1662057958 saved
    seed=1405681632 standard (γ=1.0) ...
    seed=1405681632 smooth (γ=0.7) ...
  checkpoint: ρ=70 seed=1405681632 saved
    seed=942484272 standard (γ=1.0) ...
    seed=942484272 smooth (γ=0.7) ...
  checkpoint: ρ=70 seed=942484272 saved
    seed=929893138 standard (γ=1.0) ...
    seed=929893138 smooth (γ=0.7) ...
  checkpoint: ρ=70 seed=929893138 saved

  ρ=80: pre-computing HD KNN at k=30 ...
    seed=191664964 standard (γ=1.0) ...
    seed=191664964 smooth (γ=0.7) ...
  checkpoint: ρ=80 seed=191664964 saved
    seed=1662057958 standard (γ=1.0) ...
    seed=1662057958 smooth (γ=0.7) ...
  checkpoint: ρ=80 seed=1662057958 saved
    seed=1405681632 standard (γ=1.0) ...
    seed=1405681632 smooth (γ=0.7) ...
  checkpoint: ρ=80 seed=1405681632 saved
    seed=942484272 standard (γ=1.0) ...
    seed=942484272 smooth (γ=0.7) ...
  checkpoint: ρ=80 seed=942484272 saved
    seed=929893138 standard (γ=1.0) ...
    seed=929893138 smooth (γ=0.7) ...
  checkpoint: ρ=80 seed=929893138 saved

  ρ=90: pre-computing HD KNN at k=30 ...
    seed=191664964 standard (γ=1.0) ...
    seed=191664964 smooth (γ=0.7) ...
  checkpoint: ρ=90 seed=191664964 saved
    seed=1662057958 standard (γ=1.0) ...
    seed=1662057958 smooth (γ=0.7) ...
  checkpoint: ρ=90 seed=1662057958 saved
    seed=1405681632 standard (γ=1.0) ...
    seed=1405681632 smooth (γ=0.7) ...
  checkpoint: ρ=90 seed=1405681632 saved
    seed=942484272 standard (γ=1.0) ...
    seed=942484272 smooth (γ=0.7) ...
  checkpoint: ρ=90 seed=942484272 saved
    seed=929893138 standard (γ=1.0) ...
    seed=929893138 smooth (γ=0.7) ...
  checkpoint: ρ=90 seed=929893138 saved

  ρ=100: pre-computing HD KNN at k=30 ...
    seed=191664964 standard (γ=1.0) ...
    seed=191664964 smooth (γ=0.7) ...
  checkpoint: ρ=100 seed=191664964 saved
    seed=1662057958 standard (γ=1.0) ...
    seed=1662057958 smooth (γ=0.7) ...
  checkpoint: ρ=100 seed=1662057958 saved
    seed=1405681632 standard (γ=1.0) ...
    seed=1405681632 smooth (γ=0.7) ...
  checkpoint: ρ=100 seed=1405681632 saved
    seed=942484272 standard (γ=1.0) ...
    seed=942484272 smooth (γ=0.7) ...
  checkpoint: ρ=100 seed=942484272 saved
    seed=929893138 standard (γ=1.0) ...
    seed=929893138 smooth (γ=0.7) ...
  checkpoint: ρ=100 seed=929893138 saved
    Saved: /home/smohebi/dimensionality_reduction/openTSNE/results/mouse_gamma_tsne/exp10_no_vs_perplexity/10a_no_vs_perplexity.png
    Saved: /home/smohebi/dimensionality_reduction/openTSNE/results/mouse_gamma_tsne/exp10_no_vs_perplexity/10b_auc_vs_perplexity.png
  Exp 10 done → /home/smohebi/dimensionality_reduction/openTSNE/results/mouse_gamma_tsne/exp10_no_vs_perplexity

============================================================
ALL EXPERIMENTS DONE
Results in: /home/smohebi/dimensionality_reduction/openTSNE/results/mouse_gamma_tsne
============================================================

